../Core/Src/main.c:140:10:HAL_TIM_IC_CaptureCallback	16	static
../Core/Src/main.c:145:10:HAL_GPIO_EXTI_Callback	24	static
../Core/Src/main.c:513:9:microDelay	16	static
../Core/Src/main.c:518:12:DHT11_Start	32	static
../Core/Src/main.c:549:12:DHT11_Read	16	static
../Core/Src/main.c:583:5:main	32	static
../Core/Src/main.c:1587:6:SystemClock_Config	72	static
../Core/Src/main.c:1627:13:MX_I2C1_Init	8	static
../Core/Src/main.c:1661:13:MX_TIM1_Init	32	static
../Core/Src/main.c:1707:13:MX_TIM2_Init	32	static
../Core/Src/main.c:1752:13:MX_TIM3_Init	56	static
../Core/Src/main.c:1801:13:MX_TIM4_Init	32	static
../Core/Src/main.c:1846:13:MX_GPIO_Init	40	static
../Core/Src/main.c:1910:6:Error_Handler	4	static,ignoring_inline_asm
